MPLINK 5.09, LINKER
Linker Map File - Created Mon May 29 09:01:28 2023

                                 Section Info
                  Section       Type    Address   Location Size(Bytes)
                ---------  ---------  ---------  ---------  ---------
                   .org_0       code   0x000000    program   0x000002
                   .cinit    romdata   0x000001    program   0x000004
                   .org_1       code   0x000005    program   0x0000a4



                              Program Memory Usage 
                               Start         End      
                           ---------   ---------      
                            0x000000    0x000002      
                            0x000005    0x000056      
            85 out of 8454 program addresses used, program memory utilization is 1%



                              Symbols - Sorted by Name
                     Name    Address   Location    Storage File                     
                ---------  ---------  ---------  --------- ---------                
           BAJA_PASAJEROS   0x000039    program     static C:\Users\felip\MPLABXProjects\primerPoint.X\newpic_8b_general.asm
                   Inicio   0x000005    program     static C:\Users\felip\MPLABXProjects\primerPoint.X\newpic_8b_general.asm
                 REINICIO   0x000021    program     static C:\Users\felip\MPLABXProjects\primerPoint.X\newpic_8b_general.asm
           SUBE_PASAJEROS   0x000027    program     static C:\Users\felip\MPLABXProjects\primerPoint.X\newpic_8b_general.asm
                   Tabla1   0x00004b    program     static C:\Users\felip\MPLABXProjects\primerPoint.X\newpic_8b_general.asm
            VerificaBTRD1   0x000018    program     static C:\Users\felip\MPLABXProjects\primerPoint.X\newpic_8b_general.asm
            VerificaBTRD2   0x00001b    program     static C:\Users\felip\MPLABXProjects\primerPoint.X\newpic_8b_general.asm
            VerificaBTRD3   0x00001e    program     static C:\Users\felip\MPLABXProjects\primerPoint.X\newpic_8b_general.asm



                              Symbols - Sorted by Address
                     Name    Address   Location    Storage File                     
                ---------  ---------  ---------  --------- ---------                
                   Inicio   0x000005    program     static C:\Users\felip\MPLABXProjects\primerPoint.X\newpic_8b_general.asm
            VerificaBTRD1   0x000018    program     static C:\Users\felip\MPLABXProjects\primerPoint.X\newpic_8b_general.asm
            VerificaBTRD2   0x00001b    program     static C:\Users\felip\MPLABXProjects\primerPoint.X\newpic_8b_general.asm
            VerificaBTRD3   0x00001e    program     static C:\Users\felip\MPLABXProjects\primerPoint.X\newpic_8b_general.asm
                 REINICIO   0x000021    program     static C:\Users\felip\MPLABXProjects\primerPoint.X\newpic_8b_general.asm
           SUBE_PASAJEROS   0x000027    program     static C:\Users\felip\MPLABXProjects\primerPoint.X\newpic_8b_general.asm
           BAJA_PASAJEROS   0x000039    program     static C:\Users\felip\MPLABXProjects\primerPoint.X\newpic_8b_general.asm
                   Tabla1   0x00004b    program     static C:\Users\felip\MPLABXProjects\primerPoint.X\newpic_8b_general.asm


